mysql> create table Emp(
    -> ID int,
    -> Name varchar(20),
    -> Age int,
    -> Address varchar(20),
    -> Salary int
    -> );
Query OK, 0 rows affected (1.30 sec)

mysql> insert into Emp(ID,Name,Age,Address,Salary)values('1','ID','Name','Age','Address','Salary');
ERROR 1136 (21S01): Column count doesn't match value count at row 1
mysql> insert into Emp(ID,Name,Age,Address,Salary)values('1','jhansi','23','banglore','20000');
Query OK, 1 row affected (0.18 sec)

mysql> insert into Emp(ID,Name,Age,Address,Salary)values('2','suji','20','hyderabad','22000');
Query OK, 1 row affected (0.26 sec)

mysql> insert into Emp(ID,Name,Age,Address,Salary)values('3','navya','22','chennai','25000');
Query OK, 1 row affected (0.07 sec)

mysql> insert into Emp(ID,Name,Age,Address,Salary)values('4','madhavi','21','rajampet','26000');
Query OK, 1 row affected (0.23 sec)

mysql> insert into Emp(ID,Name,Age,Address,Salary)values('5','likhi','19','tirupati','23000');
Query OK, 1 row affected (0.06 sec)

mysql> insert into Emp(ID,Name,Age,Address,Salary)values('6','cherry','23','kadapa','28000');
Query OK, 1 row affected (0.21 sec)

mysql> select*from Emp;
+------+--------+------+-----------+--------+
| ID   | Name   | Age  | Address   | Salary |
+------+--------+------+-----------+--------+
|    1 | jhansi |   23 | banglore  |  20000 |
|    2 | suji   |   24 | hyderabad |  22000 |
|    3 | navya  |   25 | chennai   |  25000 |
|    4 | madhavi|   21 | rajampet  |  26000 |
|    5 | likhi  |   19 | tirupati  |  23000 |
|    6 | cherry |   23 | kadapa    |  28000 |
+------+--------+------+-----------+--------+
6 rows in set (0.00 sec)

DECLARE  
   c_id customers.id%type;  
   c_name customers.name%type;  
   c_addr customers.address%type;  
   CURSOR c_customers is  
      SELECT id, name, address FROM customers;  
BEGIN  
   OPEN c_customers;  
   LOOP  
      FETCH c_customers into c_id, c_name, c_addr;  
      EXIT WHEN c_customers%notfound;  
      dbms_output.put_line(c_id || ' ' || c_name || ' ' || c_addr);  
   END LOOP;  
   CLOSE c_customers;  
END;  
/  

1  jhansi  banglore
2  suji    hyderabad
3  navya   chennai
4  madhavi rajampet
5  likhi   tirupati
6  cherry  kadapa
PL/SQL procedure successfully completed. 
